[4IAP1Qxnrab0#0] Så hun ikke ordene?
[/4IAP1Qxnrab0]
[6oqVIKDxYJzh#0] den trætte mand
[/6oqVIKDxYJzh]
[SPQofzn-jOR7#0] Wikipedia er en international internetbaseret encyklopædi, som bliver udgivet af den ideelle organisation Wikimedia Foundation
[/SPQofzn-jOR7]
[kMFdz2mKdYmx#0] Aasen oversatte også digt; hans forlag omsatte for 4 milliarder årlig
[/kMFdz2mKdYmx]
[zZNykk8ceqd7#0] hun kan ikke lide dette noget særligt
[/zZNykk8ceqd7]
