[0AQS_LbbTu4t#0] det er en rovfugl, der er udbredt
[/0AQS_LbbTu4t]
[0fNOhzUY_A9i#0] Karsygdomme er en fællesbetegnelse for sygdomme i blodårerne, både arterier og vener.
[/0fNOhzUY_A9i]
[1eDW_0xrRUhX#0] selve by
[/1eDW_0xrRUhX]
[1x4sVzQ8s9s1#0] Om sommeren er det mange dansker, der cykler. Også selv om det regner.
[/1x4sVzQ8s9s1]
[2PNxxSpAa4MU#0] et karakteristisk ravinelandskab
[/2PNxxSpAa4MU]
[3sk50h4xINoB#0] Riget grundlagdes sandsynligvis midt i 800-tallet af svenske vikinger, der underlagde sig området syd for Ladoga, og derefter udvidede herredømmet i 880'erne til også at omfatte Kiev-området.
[/3sk50h4xINoB]
[57KhqMt0wmzr#0] på den anden side
[/57KhqMt0wmzr]
[5pP8Q6Gc8x6t#0] Karsygdomme omfatter sygdomsprocesser som *årebetennelser (arteritis, flebitis), *aterosklerose og blodprop, sjældnere også svulster (*angiom).
[/5pP8Q6Gc8x6t]
[6COebhF1E2Wb#0] *Titanic synkede på jomfrurejsen sin til trods for, at det var erklæret synkefrit
[/6COebhF1E2Wb]
[6KvLKp1kq_xT#0] Det vises film.
[/6KvLKp1kq_xT]
[6w_Cyw_s5ZbW#0] et tysk modsvar
[/6w_Cyw_s5ZbW]
[Bf1sj1J3_fgB#0] den udenrigs- og sikkerhedspolitiske justering
[/Bf1sj1J3_fgB]
[DErPv2VMubRs#0] hvilke byer
[/DErPv2VMubRs]
[E69xPcv3u6jF#0] Jeg synes nu at det er helt *okay. Det er nogle gange hyggeligt at det bare er os fra kontoret.
[/E69xPcv3u6jF]
[FXAuxvkyHAZ2#0] Jeg er ked af det for at det blev dobbeltkonfekt, så jeg gik nok kold og træt af det at have stueetage og ikke første sal
[/FXAuxvkyHAZ2]
[HgPh8_CcygPm#0] et iPhone-problem
[/HgPh8_CcygPm]
[I7NRhBsQ1x4H#0] en lærestol
[/I7NRhBsQ1x4H]
[JOXzDXbN6Lo_#0] en relativt fin lærebog
[/JOXzDXbN6Lo_]
[Jke5Xn5HiMU9#0] Det regner.
[/Jke5Xn5HiMU9]
[LFj9PnMAN0m9#0] Karsygdomme giver derved ophav til nogle af de almindeligste og alvorligste sygdomstilstande som *aorta-aneurisme, slagtilfælde, hjerteinfarkt og *lungeembolisme.
[/LFj9PnMAN0m9]
[LyEBEtFCbGKr#0] hvilken by
[/LyEBEtFCbGKr]
[Mv6OMsSDl14k#0] fredsopgørene
[/Mv6OMsSDl14k]
[NIVpTnBH7NKG#0] en senere omdiskuteret stopordre
[/NIVpTnBH7NKG]
[OTvOC_guDR7P#0] med de samme egenskaber som menneskerne
[/OTvOC_guDR7P]
[PDeZWDuecO4P#0] og hendes bedste ven hedder Tommy
[/PDeZWDuecO4P]
[PgQbI5sKvvOj#0] Ja, det gør jeg helt sikkert, men det er virkeligt surt at kærester ikke får blive med.
[/PgQbI5sKvvOj]
[QJzHLHp6zIUp#0] de allierede
[/QJzHLHp6zIUp]
[RMBRkDyMsyJJ#0] personerne blev dræbte umiddelbart
[/RMBRkDyMsyJJ]
[RyVFEsQt_nVl#0] hun kan ikke lide dette noget særligt
[/RyVFEsQt_nVl]
[T6rtDLF3hR86#0] Det gør ondt.
[/T6rtDLF3hR86]
[U-lthZ4hNtMU#0] i såkaldt fri og grundlæggende forskning
[/U-lthZ4hNtMU]
[UE8i8Dh7zTWM#0] Jeg har åle i min luftpudebåd
[/UE8i8Dh7zTWM]
[VoUl2ZxdUTrn#0] på samme tid
[/VoUl2ZxdUTrn]
[XrGqkvRZ6txF#0] den humanistiske klasse
[/XrGqkvRZ6txF]
[ZjlT_hks49HT#0] tyske styrker
[/ZjlT_hks49HT]
[_2zJOIiBGsSB#0] en senere omdiskuteret ordre
[/_2zJOIiBGsSB]
[_92F_iHPtNNU#0] blev dræbt umiddelbart
[/_92F_iHPtNNU]
[_TUs_iEeAdzD#0] til VG kl. 19
[/_TUs_iEeAdzD]
[a_DwkLG4H_di#0] Det er nu på fredag det er sommerfest
[/a_DwkLG4H_di]
[bExjU9XD6xCU#0] ca. 400 e.Kr.
[/bExjU9XD6xCU]
[bLeZbeB0uX5J#0] den uafhængige stat
[/bLeZbeB0uX5J]
[bZOK2GBR97Z_#0] Stortinget bestemte.
[/bZOK2GBR97Z_]
[dFeFxywBQXR7#0] tyve tredive fyrre halvtreds tres halvfjerds firs nit hundrede
[/dFeFxywBQXR7]
[dKxf-_irk_qd#0] Det starter et nyt kursus om 14 dage.
[/dKxf-_irk_qd]
[e7whSWefDp2f#0] den direkte pressestøtte
[/e7whSWefDp2f]
[e__pH5O_IXrG#0] Det banker på døren. Hvem tror du at det er?
[/e__pH5O_IXrG]
[i9Gb-OzPrtqd#0] største væbnede opstanden
[/i9Gb-OzPrtqd]
[lI7hQm9NW8av#0] Det er dumt, at køre for stærkt.
[/lI7hQm9NW8av]
[liZAWyCanT6V#0] Karsygdomme kan medføre både udvidelser (*aneurismer, åreknuder) og forsnævringer og tilstopninger af blodårerne.
[/liZAWyCanT6V]
[lmZbhKy_sW8Q#0] den nye colombianske stat
[/lmZbhKy_sW8Q]
[lpaouKQGB1Fz#0] Nu skal du tage opvasken
[/lpaouKQGB1Fz]
[pyo8SJjgCh1d#0] Gardariket er i nordisk sagalitteratur navnet på Kievriget, et rige i det nuværende Rusland og Ukraine, der lå omkring Novgorod (på norrønt *Holmgarðr) og Kiev.
[/pyo8SJjgCh1d]
[qrKYmCc0xbAN#0] en kommende ordre
[/qrKYmCc0xbAN]
[soZfxNO1iCxq#0] Der er nogen som banker på døren.
[/soZfxNO1iCxq]
[tNaIcvfkZQ88#0] Jeg tror det kommer mange i år.
[/tNaIcvfkZQ88]
[unXNNvEy3DVm#0] en manglende vilje
[/unXNNvEy3DVm]
[wBwWxw5blUow#0] En tysk-sovjetisk *ukjentordher.
[/wBwWxw5blUow]
[wMR3JZqZ2bQp#0] I praksis har de retslærde
[/wMR3JZqZ2bQp]
[wYh4HfrgvFOJ#0] Wikipedia er en international internetbaseret encyklopædi, der udgives af den ideelle organisation Wikimedia Foundation
[/wYh4HfrgvFOJ]
[xGJ3PFiIgeNa#0] Jeg tror at det kommer mange i år.
[/xGJ3PFiIgeNa]
[xfjI-IfBFEYJ#0] andre venstreorienterede
[/xfjI-IfBFEYJ]
[y2AQ--Or3hx2#0] Det vises film på skolen i morgen.
[/y2AQ--Or3hx2]
